[2025-06-15T10:22:45] Update requirements for torch 2.2.0
[2025-06-16T18:55:34] Update benchmarking suite with new metrics
[2025-06-17T18:37:00] Update requirements for torch 2.2.0
[2025-06-18T17:20:32] Fix memory leak in benchmark runner
[2025-06-18T11:59:07] Fix INT4 overflow in weight quantization
[2025-06-23T11:24:25] Profile memory bandwidth vs compute bottlenecks
[2025-06-23T15:02:26] Fix race condition in parallel calibration
[2025-06-23T10:13:28] Fix race condition in parallel calibration
[2025-06-24T13:08:35] Optimize AWQ calibration loop for better accuracy
[2025-06-26T20:27:15] Update requirements for torch 2.2.0
[2025-06-26T09:05:47] Fix INT4 overflow in weight quantization
[2025-06-27T09:40:28] Update benchmarking suite with new metrics
[2025-06-27T14:23:41] Add support for custom quantization config
[2025-07-01T19:09:32] Vectorize dequantization kernel for speed
[2025-07-01T13:54:17] Fix race condition in parallel calibration
[2025-07-03T18:37:30] Fix INT4 overflow in weight quantization
[2025-07-08T11:12:21] Update benchmarking suite with new metrics
[2025-07-09T10:39:37] Validate models on Wikitext dataset
[2025-07-09T16:12:24] Implement per-layer quantization sensitivity analysis
[2025-07-09T10:20:31] Profile memory bandwidth vs compute bottlenecks
[2025-07-15T11:57:29] Implement per-layer quantization sensitivity analysis
